node.exe : npm error code ENOENT
At C:\Program Files\nodejs\npx.ps1:29 char:3
+   & $NODE_EXE $NPX_CLI_JS $args
+   ~~~~~~~~~~~~~~~~~~~~~~~~~~~~~
    + CategoryInfo          : NotSpecified: (npm error code ENOENT:String) [], RemoteException
    + FullyQualifiedErrorId : NativeCommandError
 
npm error syscall spawn /bin/bash
npm error path C:\Users\Asus\OneDrive\Desktop\Trading_setup_code\frontend
npm error errno -4058
npm error enoent spawn /bin/bash ENOENT
npm error enoent This is related to npm not being able to find a file.
npm error enoent
npm error A complete log of this run can be found in: 
C:\Users\Asus\AppData\Local\npm-cache\_logs\2026-02-19T07_42_30_342Z-debug-0.log
